
Running ./tests/test1.out ---------------------------------------
21474826242147482624